exports[`generateKeyPair creates a key pair 1`] = `
Object {
  "privateKey": Object {},
  "publicKey": Object {},
}
`;
